Processing molecule consisting of 45 atoms and 47 bonds
